Exception: RetryProvider failed:
ChatgptDemoAi: ClientResponseError: 400, message='Can not decode content-encoding: brotli (br). Please install `Brotli`', url=URL('https://chatgptdemo.ai/chat/')
ChatgptNext: ClientResponseError: 429, message='Too Many Requests', url=URL('https://chat.fstha.com/api/openai/v1/chat/completions')
Chatgpt4Online: MissingRequirementsError: Install "undetected_chromedriver" and "platformdirs" package
FreeGpt: AttributeError: 'StreamResponse' object has no attribute 'iter_content'
ChatgptDemo: ClientResponseError: 500, message='Internal Server Error', url=URL('https://chat.chatgptdemo.net/chat_api_stream')
Response: #### Questions for Reinforcing Concepts of "Machine Learning" and Related Subtopics

Exception: RetryProvider failed:
ChatgptDemoAi: ClientResponseError: 400, message='Can not decode content-encoding: brotli (br). Please install `Brotli`', url=URL('https://chatgptdemo.ai/chat/')
ChatgptNext: ClientResponseError: 400, message='Can not decode content-encoding: brotli (br). Please install `Brotli`', url=URL('https://chat.fstha.com/api/openai/v1/chat/completions')
Chatgpt4Online: MissingRequirementsError: Install "undetected_chromedriver" and "platformdirs" package
FreeGpt: AttributeError: 'StreamResponse' object has no attribute 'iter_content'
ChatgptDemo: ClientResponseError: 500, message='Internal Server Error', url=URL('https://chat.chatgptdemo.net/chat_api_stream')
Response: #### Questions:

Didn't work:

./split/stanford_ml_notes_chunk6.txt
./split/stanford_ml_notes_chunk14.txt
./split/stanford_ml_notes_chunk22.txt